// Jest Snapshot v1, https://goo.gl/fbAQLP

exports[`MyCard tests should render properly 1`] = `
<View
  style={
    Object {
      "backgroundColor": "white",
      "borderRadius": 20,
      "flexDirection": "column",
      "justifyContent": "space-between",
      "marginRight": 20,
      "padding": 20,
      "width": 325,
    }
  }
>
  <View
    style={
      Object {
        "marginBottom": -40,
        "width": "70%",
      }
    }
  >
    <Text
      style={
        Object {
          "color": "rgb(0, 148, 139)",
        }
      }
    >
      LABEL
    </Text>
    <Text
      numberOfLines={2}
      style={
        Object {
          "marginBottom": 20,
        }
      }
    >
      title
    </Text>
  </View>
  <View
    style={
      Object {
        "flexDirection": "row",
      }
    }
  >
    <View
      key="0"
      style={
        Object {
          "backgroundColor": "rgb(255, 242, 215)",
          "borderRadius": 10,
          "marginRight": 5,
          "paddingHorizontal": 10,
          "paddingVertical": 5,
        }
      }
    >
      <Text
        style={
          Object {
            "color": "rgb(255, 175, 77)",
          }
        }
      >
        TEST
      </Text>
    </View>
  </View>
  <Text
    style={
      Object {
        "color": "rgb(152, 152, 152)",
        "marginTop": -30,
        "width": "80%",
      }
    }
  >
    desc
  </Text>
  <View
    style={
      Object {
        "alignItems": "center",
        "flexDirection": "row",
        "justifyContent": "space-between",
      }
    }
  >
    <Text
      style={
        Object {
          "color": "rgb(152, 152, 152)",
        }
      }
    >
      2 comments
       
    </Text>
    <ForwardRef
      style={
        Object {
          "alignItems": "center",
          "backgroundColor": "rgb(236, 248, 248)",
          "borderRadius": 25,
          "display": "flex",
          "flexShrink": 1,
          "height": 45,
          "justifyContent": "center",
          "width": 45,
        }
      }
    >
      <Icon
        allowFontScaling={false}
        color="green"
        name="md-arrow-forward"
        size={18}
      />
    </ForwardRef>
  </View>
</View>
`;
