// Jest Snapshot v1, https://goo.gl/fbAQLP

exports[`MyEntryPoint tests should render properly 1`] = `
<View
  style={
    Object {
      "alignItems": "center",
      "backgroundColor": "white",
      "borderRadius": 10,
      "flexDirection": "row",
      "justifyContent": "space-between",
      "marginBottom": 7,
      "padding": 10,
    }
  }
>
  <View
    style={
      Object {
        "alignItems": "center",
        "flexDirection": "row",
        "width": "70%",
      }
    }
  >
    <View
      style={
        Object {
          "backgroundColor": "rgb(253, 246, 239)",
          "borderRadius": 12,
          "padding": 5,
        }
      }
    >
      <Icon
        allowFontScaling={false}
        color="green"
        name="label"
        size={18}
      />
    </View>
    <View
      style={
        Object {
          "marginLeft": 10,
        }
      }
    >
      <Text>
        title
      </Text>
      <Text
        style={
          Object {
            "color": "rgb(152, 152, 152)",
          }
        }
      >
        desc
      </Text>
    </View>
  </View>
  <ForwardRef
    style={
      Object {
        "alignItems": "center",
        "backgroundColor": "rgb(236, 248, 248)",
        "borderRadius": 25,
        "display": "flex",
        "flexShrink": 1,
        "height": 35,
        "justifyContent": "center",
        "width": 35,
      }
    }
  >
    <Icon
      allowFontScaling={false}
      color="green"
      name="md-arrow-forward"
      size={14}
    />
  </ForwardRef>
</View>
`;
