// Jest Snapshot v1, https://goo.gl/fbAQLP

exports[`MyStepper tests should render properly 1`] = `
<View
  style={
    Array [
      Object {
        "alignItems": "center",
        "flexDirection": "row",
        "justifyContent": "space-around",
      },
      Object {
        "width": "100%",
      },
    ]
  }
>
  <View
    key="0"
    style={
      Array [
        Object {
          "backgroundColor": "rgb(239, 183, 114)",
          "borderRadius": 15,
          "height": 15,
          "width": 15,
        },
        Object {
          "backgroundColor": "rgb(81, 53, 81)",
          "borderColor": "rgb(98, 62, 97)",
          "borderWidth": 1,
          "height": 20,
          "width": 20,
        },
      ]
    }
  />
  <View
    key="1"
    style={
      Array [
        Object {
          "backgroundColor": "rgb(239, 183, 114)",
          "borderRadius": 15,
          "height": 15,
          "width": 15,
        },
        undefined,
      ]
    }
  />
  <View
    key="2"
    style={
      Array [
        Object {
          "backgroundColor": "rgb(239, 183, 114)",
          "borderRadius": 15,
          "height": 15,
          "width": 15,
        },
        undefined,
      ]
    }
  />
  <View
    key="3"
    style={
      Array [
        Object {
          "backgroundColor": "rgb(239, 183, 114)",
          "borderRadius": 15,
          "height": 15,
          "width": 15,
        },
        undefined,
      ]
    }
  />
</View>
`;
